Nothing to build in platform 'design_1_wrapper'

12:25:34 **** Incremental Build of configuration Debug for project output ****
make all 
make --no-print-directory pre-build
a9-linaro-pre-build-step
' '
make --no-print-directory main-build
'Building file: ../src/echo.c'
'Invoking: ARM v7 gcc compiler'
arm-none-eabi-gcc -Wall -O0 -g3 -c -fmessage-length=0 -MT"src/echo.o" -mcpu=cortex-a9 -mfpu=vfpv3 -mfloat-abi=hard -IC:/Users/ST/Desktop/myVivado/Testprojects/Ethernet/sdk/design_1_wrapper/export/design_1_wrapper/sw/design_1_wrapper/standalone_ps7_cortexa9_0/bspinclude/include -MMD -MP -MF"src/echo.d" -MT"src/echo.o" -o "src/echo.o" "../src/echo.c"
'Finished building: ../src/echo.c'
' '
'Building target: output.elf'
'Invoking: ARM v7 gcc linker'
arm-none-eabi-gcc -mcpu=cortex-a9 -mfpu=vfpv3 -mfloat-abi=hard -Wl,-build-id=none -specs=Xilinx.spec -Wl,-T -Wl,../src/lscript.ld -LC:/Users/ST/Desktop/myVivado/Testprojects/Ethernet/sdk/design_1_wrapper/export/design_1_wrapper/sw/design_1_wrapper/standalone_ps7_cortexa9_0/bsplib/lib -o "output.elf"  ./src/echo.o ./src/i2c_access.o ./src/iic_phyreset.o ./src/main.o ./src/platform.o ./src/platform_mb.o ./src/platform_ppc.o ./src/platform_zynq.o ./src/platform_zynqmp.o ./src/sfp.o ./src/si5324.o   -Wl,--start-group,-lxil,-lgcc,-lc,--end-group -Wl,--start-group,-lxil,-llwip4,-lgcc,-lc,--end-group
'Finished building target: output.elf'
' '
'Invoking: ARM v7 Print Size'
arm-none-eabi-size output.elf  |tee "output.elf.size"
   text	   data	    bss	    dec	    hex	filename
 107235	   2004	6412352	6521591	 6382f7	output.elf
'Finished building: output.elf.size'
' '
12:25:36 **** Incremental Build of configuration Debug for project output_system ****
make all 
Generating bif file for the system project
generate_system_bif.bat 64424 C:/Users/ST/Desktop/myVivado/Testprojects/Ethernet/sdk/design_1_wrapper/export/design_1_wrapper/design_1_wrapper.xpfm standalone_ps7_cortexa9_0 C:/Users/ST/Desktop/myVivado/Testprojects/Ethernet/sdk/output_system/Debug/system.bif
sdcard_gen --xpfm C:/Users/ST/Desktop/myVivado/Testprojects/Ethernet/sdk/design_1_wrapper/export/design_1_wrapper/design_1_wrapper.xpfm --sys_config design_1_wrapper --bif C:/Users/ST/Desktop/myVivado/Testprojects/Ethernet/sdk/output_system/Debug/system.bif --bitstream C:/Users/ST/Desktop/myVivado/Testprojects/Ethernet/sdk/output/_ide/bitstream/design_1_wrapper.bit --elf C:/Users/ST/Desktop/myVivado/Testprojects/Ethernet/sdk/output/Debug/output.elf,ps7_cortexa9_0
creating BOOT.BIN using C:/Users/ST/Desktop/myVivado/Testprojects/Ethernet/sdk/output/_ide/bitstream/design_1_wrapper.bit
Running C:/Xilinx/Vitis/2023.1/bin/bootgen  -image C:/Users/ST/Desktop/myVivado/Testprojects/Ethernet/sdk/output_system/Debug/sd_card_temp/boot.bif -w -o i BOOT.BIN
